CRITICAL - 2025-02-06 08:20:07 --> CodeIgniter\View\Exceptions\ViewException: Invalid file: "authentication/basic/sign-in.php"
[Method: GET, Route: signin]
in SYSTEMPATH\Exceptions\FrameworkException.php on line 41.
 1 SYSTEMPATH\View\View.php(222): CodeIgniter\Exceptions\FrameworkException::forInvalidFile('authentication/basic/sign-in.php')
 2 SYSTEMPATH\Common.php(1171): CodeIgniter\View\View->render('authentication/basic/sign-in', [], true)
 3 APPPATH\Controllers\signinController.php(9): view('authentication/basic/sign-in')
 4 SYSTEMPATH\CodeIgniter.php(933): App\Controllers\SigninController->index()
 5 SYSTEMPATH\CodeIgniter.php(509): CodeIgniter\CodeIgniter->runController(Object(App\Controllers\SigninController))
 6 SYSTEMPATH\CodeIgniter.php(355): CodeIgniter\CodeIgniter->handleRequest(null, Object(Config\Cache), false)
 7 SYSTEMPATH\Boot.php(334): CodeIgniter\CodeIgniter->run()
 8 SYSTEMPATH\Boot.php(67): CodeIgniter\Boot::runCodeIgniter(Object(CodeIgniter\CodeIgniter))
 9 FCPATH\index.php(56): CodeIgniter\Boot::bootWeb(Object(Config\Paths))
CRITICAL - 2025-02-06 08:21:04 --> CodeIgniter\View\Exceptions\ViewException: Invalid file: "authentication/basic/sign-in.php"
[Method: GET, Route: signin]
in SYSTEMPATH\Exceptions\FrameworkException.php on line 41.
 1 SYSTEMPATH\View\View.php(222): CodeIgniter\Exceptions\FrameworkException::forInvalidFile('authentication/basic/sign-in.php')
 2 SYSTEMPATH\Common.php(1171): CodeIgniter\View\View->render('authentication/basic/sign-in', [], true)
 3 APPPATH\Controllers\signinController.php(9): view('authentication/basic/sign-in')
 4 SYSTEMPATH\CodeIgniter.php(933): App\Controllers\SigninController->index()
 5 SYSTEMPATH\CodeIgniter.php(509): CodeIgniter\CodeIgniter->runController(Object(App\Controllers\SigninController))
 6 SYSTEMPATH\CodeIgniter.php(355): CodeIgniter\CodeIgniter->handleRequest(null, Object(Config\Cache), false)
 7 SYSTEMPATH\Boot.php(334): CodeIgniter\CodeIgniter->run()
 8 SYSTEMPATH\Boot.php(67): CodeIgniter\Boot::runCodeIgniter(Object(CodeIgniter\CodeIgniter))
 9 FCPATH\index.php(56): CodeIgniter\Boot::bootWeb(Object(Config\Paths))
CRITICAL - 2025-02-06 08:21:09 --> CodeIgniter\View\Exceptions\ViewException: Invalid file: "authentication/basic/sign-in.php"
[Method: GET, Route: signin]
in SYSTEMPATH\Exceptions\FrameworkException.php on line 41.
 1 SYSTEMPATH\View\View.php(222): CodeIgniter\Exceptions\FrameworkException::forInvalidFile('authentication/basic/sign-in.php')
 2 SYSTEMPATH\Common.php(1171): CodeIgniter\View\View->render('authentication/basic/sign-in', [], true)
 3 APPPATH\Controllers\signinController.php(9): view('authentication/basic/sign-in')
 4 SYSTEMPATH\CodeIgniter.php(933): App\Controllers\SigninController->index()
 5 SYSTEMPATH\CodeIgniter.php(509): CodeIgniter\CodeIgniter->runController(Object(App\Controllers\SigninController))
 6 SYSTEMPATH\CodeIgniter.php(355): CodeIgniter\CodeIgniter->handleRequest(null, Object(Config\Cache), false)
 7 SYSTEMPATH\Boot.php(334): CodeIgniter\CodeIgniter->run()
 8 SYSTEMPATH\Boot.php(67): CodeIgniter\Boot::runCodeIgniter(Object(CodeIgniter\CodeIgniter))
 9 FCPATH\index.php(56): CodeIgniter\Boot::bootWeb(Object(Config\Paths))
CRITICAL - 2025-02-06 08:22:05 --> CodeIgniter\View\Exceptions\ViewException: Invalid file: "authentication/basic/sign-in.php"
[Method: GET, Route: signin]
in SYSTEMPATH\Exceptions\FrameworkException.php on line 41.
 1 SYSTEMPATH\View\View.php(222): CodeIgniter\Exceptions\FrameworkException::forInvalidFile('authentication/basic/sign-in.php')
 2 SYSTEMPATH\Common.php(1171): CodeIgniter\View\View->render('authentication/basic/sign-in', [], true)
 3 APPPATH\Controllers\signinController.php(9): view('authentication/basic/sign-in')
 4 SYSTEMPATH\CodeIgniter.php(933): App\Controllers\SigninController->index()
 5 SYSTEMPATH\CodeIgniter.php(509): CodeIgniter\CodeIgniter->runController(Object(App\Controllers\SigninController))
 6 SYSTEMPATH\CodeIgniter.php(355): CodeIgniter\CodeIgniter->handleRequest(null, Object(Config\Cache), false)
 7 SYSTEMPATH\Boot.php(334): CodeIgniter\CodeIgniter->run()
 8 SYSTEMPATH\Boot.php(67): CodeIgniter\Boot::runCodeIgniter(Object(CodeIgniter\CodeIgniter))
 9 FCPATH\index.php(56): CodeIgniter\Boot::bootWeb(Object(Config\Paths))
