CRITICAL - 2025-02-27 11:59:44 --> CodeIgniter\Database\Exceptions\DataException: There is no data to insert.
[Method: POST, Route: add-event]
in SYSTEMPATH\BaseModel.php on line 825.
 1 SYSTEMPATH\BaseModel.php(825): CodeIgniter\Database\Exceptions\DataException::forEmptyDataset('insert')
 2 SYSTEMPATH\Model.php(800): CodeIgniter\BaseModel->insert([], true)
 3 APPPATH\Controllers\EventController.php(30): CodeIgniter\Model->insert([...])
 4 SYSTEMPATH\CodeIgniter.php(933): App\Controllers\EventController->addEvent()
 5 SYSTEMPATH\CodeIgniter.php(509): CodeIgniter\CodeIgniter->runController(Object(App\Controllers\EventController))
 6 SYSTEMPATH\CodeIgniter.php(355): CodeIgniter\CodeIgniter->handleRequest(null, Object(Config\Cache), false)
 7 SYSTEMPATH\Boot.php(334): CodeIgniter\CodeIgniter->run()
 8 SYSTEMPATH\Boot.php(67): CodeIgniter\Boot::runCodeIgniter(Object(CodeIgniter\CodeIgniter))
 9 FCPATH\index.php(56): CodeIgniter\Boot::bootWeb(Object(Config\Paths))
DEBUG - 2025-02-27 18:33:17 --> Session: Class initialized using 'CodeIgniter\Session\Handlers\FileHandler' driver.
DEBUG - 2025-02-27 18:39:03 --> Received data for addEvent: {"title":"t","start":"2025-02-04","end":"2025-02-05"}
DEBUG - 2025-02-27 18:39:03 --> Session: Class initialized using 'CodeIgniter\Session\Handlers\FileHandler' driver.
DEBUG - 2025-02-27 18:45:42 --> Received data for addEvent: {"title":"d","start_date":"2025-02-05","end_date":"2025-02-06"}
DEBUG - 2025-02-27 18:45:42 --> Session: Class initialized using 'CodeIgniter\Session\Handlers\FileHandler' driver.
DEBUG - 2025-02-27 18:49:05 --> Received data for addEvent: {"title":"hola","start_date":"2025-02-04","end_date":"2025-02-05"}
DEBUG - 2025-02-27 18:49:05 --> Session: Class initialized using 'CodeIgniter\Session\Handlers\FileHandler' driver.
DEBUG - 2025-02-27 19:00:03 --> Received data for addEvent: {"TITLE":"hghgh","START_DATE":"2025-02-20","END_DATE":"2025-02-21"}
ERROR - 2025-02-27 19:00:03 --> mysqli_sql_exception: Unknown column 'created_at' in 'field list' in C:\wamp64\www\padel_elite\system\Database\MySQLi\Connection.php:312
Stack trace:
#0 C:\wamp64\www\padel_elite\system\Database\MySQLi\Connection.php(312): mysqli->query('INSERT INTO `ev...', 0)
#1 C:\wamp64\www\padel_elite\system\Database\BaseConnection.php(734): CodeIgniter\Database\MySQLi\Connection->execute('INSERT INTO `ev...')
#2 C:\wamp64\www\padel_elite\system\Database\BaseConnection.php(648): CodeIgniter\Database\BaseConnection->simpleQuery('INSERT INTO `ev...')
#3 C:\wamp64\www\padel_elite\system\Database\BaseBuilder.php(2340): CodeIgniter\Database\BaseConnection->query('INSERT INTO `ev...', Array, false)
#4 C:\wamp64\www\padel_elite\system\Model.php(394): CodeIgniter\Database\BaseBuilder->insert()
#5 C:\wamp64\www\padel_elite\system\BaseModel.php(839): CodeIgniter\Model->doInsert(Array)
#6 C:\wamp64\www\padel_elite\system\Model.php(800): CodeIgniter\BaseModel->insert(Array, true)
#7 C:\wamp64\www\padel_elite\app\Controllers\EventController.php(47): CodeIgniter\Model->insert(Array)
#8 C:\wamp64\www\padel_elite\system\CodeIgniter.php(933): App\Controllers\EventController->addEvent()
#9 C:\wamp64\www\padel_elite\system\CodeIgniter.php(509): CodeIgniter\CodeIgniter->runController(Object(App\Controllers\EventController))
#10 C:\wamp64\www\padel_elite\system\CodeIgniter.php(355): CodeIgniter\CodeIgniter->handleRequest(NULL, Object(Config\Cache), false)
#11 C:\wamp64\www\padel_elite\system\Boot.php(334): CodeIgniter\CodeIgniter->run()
#12 C:\wamp64\www\padel_elite\system\Boot.php(67): CodeIgniter\Boot::runCodeIgniter(Object(CodeIgniter\CodeIgniter))
#13 C:\wamp64\www\padel_elite\public\index.php(56): CodeIgniter\Boot::bootWeb(Object(Config\Paths))
#14 {main}
CRITICAL - 2025-02-27 19:00:03 --> CodeIgniter\Database\Exceptions\DatabaseException: Unknown column 'created_at' in 'field list'
[Method: POST, Route: add-event]
in SYSTEMPATH\Database\BaseConnection.php on line 688.
 1 SYSTEMPATH\Database\BaseBuilder.php(2340): CodeIgniter\Database\BaseConnection->query('INSERT INTO `event` (`TITLE`, `START_DATE`, `END_DATE`, `created_at`, `updated_at`) VALUES (:TITLE:, :START_DATE:, :END_DATE:, :created_at:, :updated_at:)', [...], false)
 2 SYSTEMPATH\Model.php(394): CodeIgniter\Database\BaseBuilder->insert()
 3 SYSTEMPATH\BaseModel.php(839): CodeIgniter\Model->doInsert([...])
 4 SYSTEMPATH\Model.php(800): CodeIgniter\BaseModel->insert([...], true)
 5 APPPATH\Controllers\EventController.php(47): CodeIgniter\Model->insert([...])
 6 SYSTEMPATH\CodeIgniter.php(933): App\Controllers\EventController->addEvent()
 7 SYSTEMPATH\CodeIgniter.php(509): CodeIgniter\CodeIgniter->runController(Object(App\Controllers\EventController))
 8 SYSTEMPATH\CodeIgniter.php(355): CodeIgniter\CodeIgniter->handleRequest(null, Object(Config\Cache), false)
 9 SYSTEMPATH\Boot.php(334): CodeIgniter\CodeIgniter->run()
10 SYSTEMPATH\Boot.php(67): CodeIgniter\Boot::runCodeIgniter(Object(CodeIgniter\CodeIgniter))
11 FCPATH\index.php(56): CodeIgniter\Boot::bootWeb(Object(Config\Paths))
CRITICAL - 2025-02-27 19:00:03 --> [Caused by] CodeIgniter\Database\Exceptions\DatabaseException: Unknown column 'created_at' in 'field list'
in SYSTEMPATH\Database\MySQLi\Connection.php on line 317.
 1 SYSTEMPATH\Database\BaseConnection.php(734): CodeIgniter\Database\MySQLi\Connection->execute('INSERT INTO `event` (`TITLE`, `START_DATE`, `END_DATE`, `created_at`, `updated_at`) VALUES (\'hghgh\', \'2025-02-20\', \'2025-02-21\', \'2025-02-27 19:00:03\', \'2025-02-27 19:00:03\')')
 2 SYSTEMPATH\Database\BaseConnection.php(648): CodeIgniter\Database\BaseConnection->simpleQuery('INSERT INTO `event` (`TITLE`, `START_DATE`, `END_DATE`, `created_at`, `updated_at`) VALUES (\'hghgh\', \'2025-02-20\', \'2025-02-21\', \'2025-02-27 19:00:03\', \'2025-02-27 19:00:03\')')
 3 SYSTEMPATH\Database\BaseBuilder.php(2340): CodeIgniter\Database\BaseConnection->query('INSERT INTO `event` (`TITLE`, `START_DATE`, `END_DATE`, `created_at`, `updated_at`) VALUES (:TITLE:, :START_DATE:, :END_DATE:, :created_at:, :updated_at:)', [...], false)
 4 SYSTEMPATH\Model.php(394): CodeIgniter\Database\BaseBuilder->insert()
 5 SYSTEMPATH\BaseModel.php(839): CodeIgniter\Model->doInsert([...])
 6 SYSTEMPATH\Model.php(800): CodeIgniter\BaseModel->insert([...], true)
 7 APPPATH\Controllers\EventController.php(47): CodeIgniter\Model->insert([...])
 8 SYSTEMPATH\CodeIgniter.php(933): App\Controllers\EventController->addEvent()
 9 SYSTEMPATH\CodeIgniter.php(509): CodeIgniter\CodeIgniter->runController(Object(App\Controllers\EventController))
10 SYSTEMPATH\CodeIgniter.php(355): CodeIgniter\CodeIgniter->handleRequest(null, Object(Config\Cache), false)
11 SYSTEMPATH\Boot.php(334): CodeIgniter\CodeIgniter->run()
12 SYSTEMPATH\Boot.php(67): CodeIgniter\Boot::runCodeIgniter(Object(CodeIgniter\CodeIgniter))
13 FCPATH\index.php(56): CodeIgniter\Boot::bootWeb(Object(Config\Paths))
CRITICAL - 2025-02-27 19:00:03 --> [Caused by] mysqli_sql_exception: Unknown column 'created_at' in 'field list'
in SYSTEMPATH\Database\MySQLi\Connection.php on line 312.
 1 SYSTEMPATH\Database\MySQLi\Connection.php(312): mysqli->query('INSERT INTO `event` (`TITLE`, `START_DATE`, `END_DATE`, `created_at`, `updated_at`) VALUES (\'hghgh\', \'2025-02-20\', \'2025-02-21\', \'2025-02-27 19:00:03\', \'2025-02-27 19:00:03\')', 0)
 2 SYSTEMPATH\Database\BaseConnection.php(734): CodeIgniter\Database\MySQLi\Connection->execute('INSERT INTO `event` (`TITLE`, `START_DATE`, `END_DATE`, `created_at`, `updated_at`) VALUES (\'hghgh\', \'2025-02-20\', \'2025-02-21\', \'2025-02-27 19:00:03\', \'2025-02-27 19:00:03\')')
 3 SYSTEMPATH\Database\BaseConnection.php(648): CodeIgniter\Database\BaseConnection->simpleQuery('INSERT INTO `event` (`TITLE`, `START_DATE`, `END_DATE`, `created_at`, `updated_at`) VALUES (\'hghgh\', \'2025-02-20\', \'2025-02-21\', \'2025-02-27 19:00:03\', \'2025-02-27 19:00:03\')')
 4 SYSTEMPATH\Database\BaseBuilder.php(2340): CodeIgniter\Database\BaseConnection->query('INSERT INTO `event` (`TITLE`, `START_DATE`, `END_DATE`, `created_at`, `updated_at`) VALUES (:TITLE:, :START_DATE:, :END_DATE:, :created_at:, :updated_at:)', [...], false)
 5 SYSTEMPATH\Model.php(394): CodeIgniter\Database\BaseBuilder->insert()
 6 SYSTEMPATH\BaseModel.php(839): CodeIgniter\Model->doInsert([...])
 7 SYSTEMPATH\Model.php(800): CodeIgniter\BaseModel->insert([...], true)
 8 APPPATH\Controllers\EventController.php(47): CodeIgniter\Model->insert([...])
 9 SYSTEMPATH\CodeIgniter.php(933): App\Controllers\EventController->addEvent()
10 SYSTEMPATH\CodeIgniter.php(509): CodeIgniter\CodeIgniter->runController(Object(App\Controllers\EventController))
11 SYSTEMPATH\CodeIgniter.php(355): CodeIgniter\CodeIgniter->handleRequest(null, Object(Config\Cache), false)
12 SYSTEMPATH\Boot.php(334): CodeIgniter\CodeIgniter->run()
13 SYSTEMPATH\Boot.php(67): CodeIgniter\Boot::runCodeIgniter(Object(CodeIgniter\CodeIgniter))
14 FCPATH\index.php(56): CodeIgniter\Boot::bootWeb(Object(Config\Paths))
DEBUG - 2025-02-27 19:17:46 --> Received data for addEvent: {"TITLE":"s","START_DATE":"2025-02-19","END_DATE":"2025-02-20"}
ERROR - 2025-02-27 19:17:46 --> mysqli_sql_exception: Unknown column 'created_at' in 'field list' in C:\wamp64\www\padel_elite\system\Database\MySQLi\Connection.php:312
Stack trace:
#0 C:\wamp64\www\padel_elite\system\Database\MySQLi\Connection.php(312): mysqli->query('INSERT INTO `ev...', 0)
#1 C:\wamp64\www\padel_elite\system\Database\BaseConnection.php(734): CodeIgniter\Database\MySQLi\Connection->execute('INSERT INTO `ev...')
#2 C:\wamp64\www\padel_elite\system\Database\BaseConnection.php(648): CodeIgniter\Database\BaseConnection->simpleQuery('INSERT INTO `ev...')
#3 C:\wamp64\www\padel_elite\system\Database\BaseBuilder.php(2340): CodeIgniter\Database\BaseConnection->query('INSERT INTO `ev...', Array, false)
#4 C:\wamp64\www\padel_elite\system\Model.php(394): CodeIgniter\Database\BaseBuilder->insert()
#5 C:\wamp64\www\padel_elite\system\BaseModel.php(839): CodeIgniter\Model->doInsert(Array)
#6 C:\wamp64\www\padel_elite\system\Model.php(800): CodeIgniter\BaseModel->insert(Array, true)
#7 C:\wamp64\www\padel_elite\app\Controllers\EventController.php(47): CodeIgniter\Model->insert(Array)
#8 C:\wamp64\www\padel_elite\system\CodeIgniter.php(933): App\Controllers\EventController->addEvent()
#9 C:\wamp64\www\padel_elite\system\CodeIgniter.php(509): CodeIgniter\CodeIgniter->runController(Object(App\Controllers\EventController))
#10 C:\wamp64\www\padel_elite\system\CodeIgniter.php(355): CodeIgniter\CodeIgniter->handleRequest(NULL, Object(Config\Cache), false)
#11 C:\wamp64\www\padel_elite\system\Boot.php(334): CodeIgniter\CodeIgniter->run()
#12 C:\wamp64\www\padel_elite\system\Boot.php(67): CodeIgniter\Boot::runCodeIgniter(Object(CodeIgniter\CodeIgniter))
#13 C:\wamp64\www\padel_elite\public\index.php(56): CodeIgniter\Boot::bootWeb(Object(Config\Paths))
#14 {main}
CRITICAL - 2025-02-27 19:17:46 --> CodeIgniter\Database\Exceptions\DatabaseException: Unknown column 'created_at' in 'field list'
[Method: POST, Route: add-event]
in SYSTEMPATH\Database\BaseConnection.php on line 688.
 1 SYSTEMPATH\Database\BaseBuilder.php(2340): CodeIgniter\Database\BaseConnection->query('INSERT INTO `event` (`TITLE`, `START_DATE`, `END_DATE`, `created_at`, `updated_at`) VALUES (:TITLE:, :START_DATE:, :END_DATE:, :created_at:, :updated_at:)', [...], false)
 2 SYSTEMPATH\Model.php(394): CodeIgniter\Database\BaseBuilder->insert()
 3 SYSTEMPATH\BaseModel.php(839): CodeIgniter\Model->doInsert([...])
 4 SYSTEMPATH\Model.php(800): CodeIgniter\BaseModel->insert([...], true)
 5 APPPATH\Controllers\EventController.php(47): CodeIgniter\Model->insert([...])
 6 SYSTEMPATH\CodeIgniter.php(933): App\Controllers\EventController->addEvent()
 7 SYSTEMPATH\CodeIgniter.php(509): CodeIgniter\CodeIgniter->runController(Object(App\Controllers\EventController))
 8 SYSTEMPATH\CodeIgniter.php(355): CodeIgniter\CodeIgniter->handleRequest(null, Object(Config\Cache), false)
 9 SYSTEMPATH\Boot.php(334): CodeIgniter\CodeIgniter->run()
10 SYSTEMPATH\Boot.php(67): CodeIgniter\Boot::runCodeIgniter(Object(CodeIgniter\CodeIgniter))
11 FCPATH\index.php(56): CodeIgniter\Boot::bootWeb(Object(Config\Paths))
CRITICAL - 2025-02-27 19:17:46 --> [Caused by] CodeIgniter\Database\Exceptions\DatabaseException: Unknown column 'created_at' in 'field list'
in SYSTEMPATH\Database\MySQLi\Connection.php on line 317.
 1 SYSTEMPATH\Database\BaseConnection.php(734): CodeIgniter\Database\MySQLi\Connection->execute('INSERT INTO `event` (`TITLE`, `START_DATE`, `END_DATE`, `created_at`, `updated_at`) VALUES (\'s\', \'2025-02-19\', \'2025-02-20\', \'2025-02-27 19:17:46\', \'2025-02-27 19:17:46\')')
 2 SYSTEMPATH\Database\BaseConnection.php(648): CodeIgniter\Database\BaseConnection->simpleQuery('INSERT INTO `event` (`TITLE`, `START_DATE`, `END_DATE`, `created_at`, `updated_at`) VALUES (\'s\', \'2025-02-19\', \'2025-02-20\', \'2025-02-27 19:17:46\', \'2025-02-27 19:17:46\')')
 3 SYSTEMPATH\Database\BaseBuilder.php(2340): CodeIgniter\Database\BaseConnection->query('INSERT INTO `event` (`TITLE`, `START_DATE`, `END_DATE`, `created_at`, `updated_at`) VALUES (:TITLE:, :START_DATE:, :END_DATE:, :created_at:, :updated_at:)', [...], false)
 4 SYSTEMPATH\Model.php(394): CodeIgniter\Database\BaseBuilder->insert()
 5 SYSTEMPATH\BaseModel.php(839): CodeIgniter\Model->doInsert([...])
 6 SYSTEMPATH\Model.php(800): CodeIgniter\BaseModel->insert([...], true)
 7 APPPATH\Controllers\EventController.php(47): CodeIgniter\Model->insert([...])
 8 SYSTEMPATH\CodeIgniter.php(933): App\Controllers\EventController->addEvent()
 9 SYSTEMPATH\CodeIgniter.php(509): CodeIgniter\CodeIgniter->runController(Object(App\Controllers\EventController))
10 SYSTEMPATH\CodeIgniter.php(355): CodeIgniter\CodeIgniter->handleRequest(null, Object(Config\Cache), false)
11 SYSTEMPATH\Boot.php(334): CodeIgniter\CodeIgniter->run()
12 SYSTEMPATH\Boot.php(67): CodeIgniter\Boot::runCodeIgniter(Object(CodeIgniter\CodeIgniter))
13 FCPATH\index.php(56): CodeIgniter\Boot::bootWeb(Object(Config\Paths))
CRITICAL - 2025-02-27 19:17:46 --> [Caused by] mysqli_sql_exception: Unknown column 'created_at' in 'field list'
in SYSTEMPATH\Database\MySQLi\Connection.php on line 312.
 1 SYSTEMPATH\Database\MySQLi\Connection.php(312): mysqli->query('INSERT INTO `event` (`TITLE`, `START_DATE`, `END_DATE`, `created_at`, `updated_at`) VALUES (\'s\', \'2025-02-19\', \'2025-02-20\', \'2025-02-27 19:17:46\', \'2025-02-27 19:17:46\')', 0)
 2 SYSTEMPATH\Database\BaseConnection.php(734): CodeIgniter\Database\MySQLi\Connection->execute('INSERT INTO `event` (`TITLE`, `START_DATE`, `END_DATE`, `created_at`, `updated_at`) VALUES (\'s\', \'2025-02-19\', \'2025-02-20\', \'2025-02-27 19:17:46\', \'2025-02-27 19:17:46\')')
 3 SYSTEMPATH\Database\BaseConnection.php(648): CodeIgniter\Database\BaseConnection->simpleQuery('INSERT INTO `event` (`TITLE`, `START_DATE`, `END_DATE`, `created_at`, `updated_at`) VALUES (\'s\', \'2025-02-19\', \'2025-02-20\', \'2025-02-27 19:17:46\', \'2025-02-27 19:17:46\')')
 4 SYSTEMPATH\Database\BaseBuilder.php(2340): CodeIgniter\Database\BaseConnection->query('INSERT INTO `event` (`TITLE`, `START_DATE`, `END_DATE`, `created_at`, `updated_at`) VALUES (:TITLE:, :START_DATE:, :END_DATE:, :created_at:, :updated_at:)', [...], false)
 5 SYSTEMPATH\Model.php(394): CodeIgniter\Database\BaseBuilder->insert()
 6 SYSTEMPATH\BaseModel.php(839): CodeIgniter\Model->doInsert([...])
 7 SYSTEMPATH\Model.php(800): CodeIgniter\BaseModel->insert([...], true)
 8 APPPATH\Controllers\EventController.php(47): CodeIgniter\Model->insert([...])
 9 SYSTEMPATH\CodeIgniter.php(933): App\Controllers\EventController->addEvent()
10 SYSTEMPATH\CodeIgniter.php(509): CodeIgniter\CodeIgniter->runController(Object(App\Controllers\EventController))
11 SYSTEMPATH\CodeIgniter.php(355): CodeIgniter\CodeIgniter->handleRequest(null, Object(Config\Cache), false)
12 SYSTEMPATH\Boot.php(334): CodeIgniter\CodeIgniter->run()
13 SYSTEMPATH\Boot.php(67): CodeIgniter\Boot::runCodeIgniter(Object(CodeIgniter\CodeIgniter))
14 FCPATH\index.php(56): CodeIgniter\Boot::bootWeb(Object(Config\Paths))
DEBUG - 2025-02-27 19:22:36 --> Received data for addEvent: {"TITLE":"z","START_DATE":"2025-02-13","END_DATE":"2025-02-14"}
DEBUG - 2025-02-27 19:22:36 --> Session: Class initialized using 'CodeIgniter\Session\Handlers\FileHandler' driver.
DEBUG - 2025-02-27 19:31:55 --> Received data for addEvent: {"TITLE":"g","START_DATE":"2025-02-28","END_DATE":"2025-03-01"}
ERROR - 2025-02-27 19:31:55 --> mysqli_sql_exception: Unknown column 'created_at' in 'field list' in C:\wamp64\www\padel_elite\system\Database\MySQLi\Connection.php:312
Stack trace:
#0 C:\wamp64\www\padel_elite\system\Database\MySQLi\Connection.php(312): mysqli->query('INSERT INTO `ev...', 0)
#1 C:\wamp64\www\padel_elite\system\Database\BaseConnection.php(734): CodeIgniter\Database\MySQLi\Connection->execute('INSERT INTO `ev...')
#2 C:\wamp64\www\padel_elite\system\Database\BaseConnection.php(648): CodeIgniter\Database\BaseConnection->simpleQuery('INSERT INTO `ev...')
#3 C:\wamp64\www\padel_elite\system\Database\BaseBuilder.php(2340): CodeIgniter\Database\BaseConnection->query('INSERT INTO `ev...', Array, false)
#4 C:\wamp64\www\padel_elite\system\Model.php(394): CodeIgniter\Database\BaseBuilder->insert()
#5 C:\wamp64\www\padel_elite\system\BaseModel.php(839): CodeIgniter\Model->doInsert(Array)
#6 C:\wamp64\www\padel_elite\system\Model.php(800): CodeIgniter\BaseModel->insert(Array, true)
#7 C:\wamp64\www\padel_elite\app\Controllers\EventController.php(46): CodeIgniter\Model->insert(Array)
#8 C:\wamp64\www\padel_elite\system\CodeIgniter.php(933): App\Controllers\EventController->addEvent()
#9 C:\wamp64\www\padel_elite\system\CodeIgniter.php(509): CodeIgniter\CodeIgniter->runController(Object(App\Controllers\EventController))
#10 C:\wamp64\www\padel_elite\system\CodeIgniter.php(355): CodeIgniter\CodeIgniter->handleRequest(NULL, Object(Config\Cache), false)
#11 C:\wamp64\www\padel_elite\system\Boot.php(334): CodeIgniter\CodeIgniter->run()
#12 C:\wamp64\www\padel_elite\system\Boot.php(67): CodeIgniter\Boot::runCodeIgniter(Object(CodeIgniter\CodeIgniter))
#13 C:\wamp64\www\padel_elite\public\index.php(56): CodeIgniter\Boot::bootWeb(Object(Config\Paths))
#14 {main}
CRITICAL - 2025-02-27 19:31:55 --> CodeIgniter\Database\Exceptions\DatabaseException: Unknown column 'created_at' in 'field list'
[Method: POST, Route: add-event]
in SYSTEMPATH\Database\BaseConnection.php on line 688.
 1 SYSTEMPATH\Database\BaseBuilder.php(2340): CodeIgniter\Database\BaseConnection->query('INSERT INTO `event` (`TITLE`, `START_DATE`, `END_DATE`, `created_at`, `updated_at`) VALUES (:TITLE:, :START_DATE:, :END_DATE:, :created_at:, :updated_at:)', [...], false)
 2 SYSTEMPATH\Model.php(394): CodeIgniter\Database\BaseBuilder->insert()
 3 SYSTEMPATH\BaseModel.php(839): CodeIgniter\Model->doInsert([...])
 4 SYSTEMPATH\Model.php(800): CodeIgniter\BaseModel->insert([...], true)
 5 APPPATH\Controllers\EventController.php(46): CodeIgniter\Model->insert([...])
 6 SYSTEMPATH\CodeIgniter.php(933): App\Controllers\EventController->addEvent()
 7 SYSTEMPATH\CodeIgniter.php(509): CodeIgniter\CodeIgniter->runController(Object(App\Controllers\EventController))
 8 SYSTEMPATH\CodeIgniter.php(355): CodeIgniter\CodeIgniter->handleRequest(null, Object(Config\Cache), false)
 9 SYSTEMPATH\Boot.php(334): CodeIgniter\CodeIgniter->run()
10 SYSTEMPATH\Boot.php(67): CodeIgniter\Boot::runCodeIgniter(Object(CodeIgniter\CodeIgniter))
11 FCPATH\index.php(56): CodeIgniter\Boot::bootWeb(Object(Config\Paths))
CRITICAL - 2025-02-27 19:31:55 --> [Caused by] CodeIgniter\Database\Exceptions\DatabaseException: Unknown column 'created_at' in 'field list'
in SYSTEMPATH\Database\MySQLi\Connection.php on line 317.
 1 SYSTEMPATH\Database\BaseConnection.php(734): CodeIgniter\Database\MySQLi\Connection->execute('INSERT INTO `event` (`TITLE`, `START_DATE`, `END_DATE`, `created_at`, `updated_at`) VALUES (\'g\', \'2025-02-28\', \'2025-03-01\', \'2025-02-27 19:31:55\', \'2025-02-27 19:31:55\')')
 2 SYSTEMPATH\Database\BaseConnection.php(648): CodeIgniter\Database\BaseConnection->simpleQuery('INSERT INTO `event` (`TITLE`, `START_DATE`, `END_DATE`, `created_at`, `updated_at`) VALUES (\'g\', \'2025-02-28\', \'2025-03-01\', \'2025-02-27 19:31:55\', \'2025-02-27 19:31:55\')')
 3 SYSTEMPATH\Database\BaseBuilder.php(2340): CodeIgniter\Database\BaseConnection->query('INSERT INTO `event` (`TITLE`, `START_DATE`, `END_DATE`, `created_at`, `updated_at`) VALUES (:TITLE:, :START_DATE:, :END_DATE:, :created_at:, :updated_at:)', [...], false)
 4 SYSTEMPATH\Model.php(394): CodeIgniter\Database\BaseBuilder->insert()
 5 SYSTEMPATH\BaseModel.php(839): CodeIgniter\Model->doInsert([...])
 6 SYSTEMPATH\Model.php(800): CodeIgniter\BaseModel->insert([...], true)
 7 APPPATH\Controllers\EventController.php(46): CodeIgniter\Model->insert([...])
 8 SYSTEMPATH\CodeIgniter.php(933): App\Controllers\EventController->addEvent()
 9 SYSTEMPATH\CodeIgniter.php(509): CodeIgniter\CodeIgniter->runController(Object(App\Controllers\EventController))
10 SYSTEMPATH\CodeIgniter.php(355): CodeIgniter\CodeIgniter->handleRequest(null, Object(Config\Cache), false)
11 SYSTEMPATH\Boot.php(334): CodeIgniter\CodeIgniter->run()
12 SYSTEMPATH\Boot.php(67): CodeIgniter\Boot::runCodeIgniter(Object(CodeIgniter\CodeIgniter))
13 FCPATH\index.php(56): CodeIgniter\Boot::bootWeb(Object(Config\Paths))
CRITICAL - 2025-02-27 19:31:55 --> [Caused by] mysqli_sql_exception: Unknown column 'created_at' in 'field list'
in SYSTEMPATH\Database\MySQLi\Connection.php on line 312.
 1 SYSTEMPATH\Database\MySQLi\Connection.php(312): mysqli->query('INSERT INTO `event` (`TITLE`, `START_DATE`, `END_DATE`, `created_at`, `updated_at`) VALUES (\'g\', \'2025-02-28\', \'2025-03-01\', \'2025-02-27 19:31:55\', \'2025-02-27 19:31:55\')', 0)
 2 SYSTEMPATH\Database\BaseConnection.php(734): CodeIgniter\Database\MySQLi\Connection->execute('INSERT INTO `event` (`TITLE`, `START_DATE`, `END_DATE`, `created_at`, `updated_at`) VALUES (\'g\', \'2025-02-28\', \'2025-03-01\', \'2025-02-27 19:31:55\', \'2025-02-27 19:31:55\')')
 3 SYSTEMPATH\Database\BaseConnection.php(648): CodeIgniter\Database\BaseConnection->simpleQuery('INSERT INTO `event` (`TITLE`, `START_DATE`, `END_DATE`, `created_at`, `updated_at`) VALUES (\'g\', \'2025-02-28\', \'2025-03-01\', \'2025-02-27 19:31:55\', \'2025-02-27 19:31:55\')')
 4 SYSTEMPATH\Database\BaseBuilder.php(2340): CodeIgniter\Database\BaseConnection->query('INSERT INTO `event` (`TITLE`, `START_DATE`, `END_DATE`, `created_at`, `updated_at`) VALUES (:TITLE:, :START_DATE:, :END_DATE:, :created_at:, :updated_at:)', [...], false)
 5 SYSTEMPATH\Model.php(394): CodeIgniter\Database\BaseBuilder->insert()
 6 SYSTEMPATH\BaseModel.php(839): CodeIgniter\Model->doInsert([...])
 7 SYSTEMPATH\Model.php(800): CodeIgniter\BaseModel->insert([...], true)
 8 APPPATH\Controllers\EventController.php(46): CodeIgniter\Model->insert([...])
 9 SYSTEMPATH\CodeIgniter.php(933): App\Controllers\EventController->addEvent()
10 SYSTEMPATH\CodeIgniter.php(509): CodeIgniter\CodeIgniter->runController(Object(App\Controllers\EventController))
11 SYSTEMPATH\CodeIgniter.php(355): CodeIgniter\CodeIgniter->handleRequest(null, Object(Config\Cache), false)
12 SYSTEMPATH\Boot.php(334): CodeIgniter\CodeIgniter->run()
13 SYSTEMPATH\Boot.php(67): CodeIgniter\Boot::runCodeIgniter(Object(CodeIgniter\CodeIgniter))
14 FCPATH\index.php(56): CodeIgniter\Boot::bootWeb(Object(Config\Paths))
ERROR - 2025-02-27 19:33:39 --> mysqli_sql_exception: Unknown column 'created_at' in 'field list' in C:\wamp64\www\padel_elite\system\Database\MySQLi\Connection.php:312
Stack trace:
#0 C:\wamp64\www\padel_elite\system\Database\MySQLi\Connection.php(312): mysqli->query('INSERT INTO `ev...', 0)
#1 C:\wamp64\www\padel_elite\system\Database\BaseConnection.php(734): CodeIgniter\Database\MySQLi\Connection->execute('INSERT INTO `ev...')
#2 C:\wamp64\www\padel_elite\system\Database\BaseConnection.php(648): CodeIgniter\Database\BaseConnection->simpleQuery('INSERT INTO `ev...')
#3 C:\wamp64\www\padel_elite\system\Database\BaseBuilder.php(2340): CodeIgniter\Database\BaseConnection->query('INSERT INTO `ev...', Array, false)
#4 C:\wamp64\www\padel_elite\system\Model.php(394): CodeIgniter\Database\BaseBuilder->insert()
#5 C:\wamp64\www\padel_elite\system\BaseModel.php(839): CodeIgniter\Model->doInsert(Array)
#6 C:\wamp64\www\padel_elite\system\Model.php(800): CodeIgniter\BaseModel->insert(Array, true)
#7 C:\wamp64\www\padel_elite\app\Controllers\EventController.php(40): CodeIgniter\Model->insert(Array)
#8 C:\wamp64\www\padel_elite\system\CodeIgniter.php(933): App\Controllers\EventController->addEvent()
#9 C:\wamp64\www\padel_elite\system\CodeIgniter.php(509): CodeIgniter\CodeIgniter->runController(Object(App\Controllers\EventController))
#10 C:\wamp64\www\padel_elite\system\CodeIgniter.php(355): CodeIgniter\CodeIgniter->handleRequest(NULL, Object(Config\Cache), false)
#11 C:\wamp64\www\padel_elite\system\Boot.php(334): CodeIgniter\CodeIgniter->run()
#12 C:\wamp64\www\padel_elite\system\Boot.php(67): CodeIgniter\Boot::runCodeIgniter(Object(CodeIgniter\CodeIgniter))
#13 C:\wamp64\www\padel_elite\public\index.php(56): CodeIgniter\Boot::bootWeb(Object(Config\Paths))
#14 {main}
CRITICAL - 2025-02-27 19:33:39 --> CodeIgniter\Database\Exceptions\DatabaseException: Unknown column 'created_at' in 'field list'
[Method: POST, Route: add-event]
in SYSTEMPATH\Database\BaseConnection.php on line 688.
 1 SYSTEMPATH\Database\BaseBuilder.php(2340): CodeIgniter\Database\BaseConnection->query('INSERT INTO `event` (`TITLE`, `START_DATE`, `END_DATE`, `created_at`, `updated_at`) VALUES (:TITLE:, :START_DATE:, :END_DATE:, :created_at:, :updated_at:)', [...], false)
 2 SYSTEMPATH\Model.php(394): CodeIgniter\Database\BaseBuilder->insert()
 3 SYSTEMPATH\BaseModel.php(839): CodeIgniter\Model->doInsert([...])
 4 SYSTEMPATH\Model.php(800): CodeIgniter\BaseModel->insert([...], true)
 5 APPPATH\Controllers\EventController.php(40): CodeIgniter\Model->insert([...])
 6 SYSTEMPATH\CodeIgniter.php(933): App\Controllers\EventController->addEvent()
 7 SYSTEMPATH\CodeIgniter.php(509): CodeIgniter\CodeIgniter->runController(Object(App\Controllers\EventController))
 8 SYSTEMPATH\CodeIgniter.php(355): CodeIgniter\CodeIgniter->handleRequest(null, Object(Config\Cache), false)
 9 SYSTEMPATH\Boot.php(334): CodeIgniter\CodeIgniter->run()
10 SYSTEMPATH\Boot.php(67): CodeIgniter\Boot::runCodeIgniter(Object(CodeIgniter\CodeIgniter))
11 FCPATH\index.php(56): CodeIgniter\Boot::bootWeb(Object(Config\Paths))
CRITICAL - 2025-02-27 19:33:39 --> [Caused by] CodeIgniter\Database\Exceptions\DatabaseException: Unknown column 'created_at' in 'field list'
in SYSTEMPATH\Database\MySQLi\Connection.php on line 317.
 1 SYSTEMPATH\Database\BaseConnection.php(734): CodeIgniter\Database\MySQLi\Connection->execute('INSERT INTO `event` (`TITLE`, `START_DATE`, `END_DATE`, `created_at`, `updated_at`) VALUES (\'fbgfsg\', \'2025-02-12\', \'2025-02-13\', \'2025-02-27 19:33:39\', \'2025-02-27 19:33:39\')')
 2 SYSTEMPATH\Database\BaseConnection.php(648): CodeIgniter\Database\BaseConnection->simpleQuery('INSERT INTO `event` (`TITLE`, `START_DATE`, `END_DATE`, `created_at`, `updated_at`) VALUES (\'fbgfsg\', \'2025-02-12\', \'2025-02-13\', \'2025-02-27 19:33:39\', \'2025-02-27 19:33:39\')')
 3 SYSTEMPATH\Database\BaseBuilder.php(2340): CodeIgniter\Database\BaseConnection->query('INSERT INTO `event` (`TITLE`, `START_DATE`, `END_DATE`, `created_at`, `updated_at`) VALUES (:TITLE:, :START_DATE:, :END_DATE:, :created_at:, :updated_at:)', [...], false)
 4 SYSTEMPATH\Model.php(394): CodeIgniter\Database\BaseBuilder->insert()
 5 SYSTEMPATH\BaseModel.php(839): CodeIgniter\Model->doInsert([...])
 6 SYSTEMPATH\Model.php(800): CodeIgniter\BaseModel->insert([...], true)
 7 APPPATH\Controllers\EventController.php(40): CodeIgniter\Model->insert([...])
 8 SYSTEMPATH\CodeIgniter.php(933): App\Controllers\EventController->addEvent()
 9 SYSTEMPATH\CodeIgniter.php(509): CodeIgniter\CodeIgniter->runController(Object(App\Controllers\EventController))
10 SYSTEMPATH\CodeIgniter.php(355): CodeIgniter\CodeIgniter->handleRequest(null, Object(Config\Cache), false)
11 SYSTEMPATH\Boot.php(334): CodeIgniter\CodeIgniter->run()
12 SYSTEMPATH\Boot.php(67): CodeIgniter\Boot::runCodeIgniter(Object(CodeIgniter\CodeIgniter))
13 FCPATH\index.php(56): CodeIgniter\Boot::bootWeb(Object(Config\Paths))
CRITICAL - 2025-02-27 19:33:39 --> [Caused by] mysqli_sql_exception: Unknown column 'created_at' in 'field list'
in SYSTEMPATH\Database\MySQLi\Connection.php on line 312.
 1 SYSTEMPATH\Database\MySQLi\Connection.php(312): mysqli->query('INSERT INTO `event` (`TITLE`, `START_DATE`, `END_DATE`, `created_at`, `updated_at`) VALUES (\'fbgfsg\', \'2025-02-12\', \'2025-02-13\', \'2025-02-27 19:33:39\', \'2025-02-27 19:33:39\')', 0)
 2 SYSTEMPATH\Database\BaseConnection.php(734): CodeIgniter\Database\MySQLi\Connection->execute('INSERT INTO `event` (`TITLE`, `START_DATE`, `END_DATE`, `created_at`, `updated_at`) VALUES (\'fbgfsg\', \'2025-02-12\', \'2025-02-13\', \'2025-02-27 19:33:39\', \'2025-02-27 19:33:39\')')
 3 SYSTEMPATH\Database\BaseConnection.php(648): CodeIgniter\Database\BaseConnection->simpleQuery('INSERT INTO `event` (`TITLE`, `START_DATE`, `END_DATE`, `created_at`, `updated_at`) VALUES (\'fbgfsg\', \'2025-02-12\', \'2025-02-13\', \'2025-02-27 19:33:39\', \'2025-02-27 19:33:39\')')
 4 SYSTEMPATH\Database\BaseBuilder.php(2340): CodeIgniter\Database\BaseConnection->query('INSERT INTO `event` (`TITLE`, `START_DATE`, `END_DATE`, `created_at`, `updated_at`) VALUES (:TITLE:, :START_DATE:, :END_DATE:, :created_at:, :updated_at:)', [...], false)
 5 SYSTEMPATH\Model.php(394): CodeIgniter\Database\BaseBuilder->insert()
 6 SYSTEMPATH\BaseModel.php(839): CodeIgniter\Model->doInsert([...])
 7 SYSTEMPATH\Model.php(800): CodeIgniter\BaseModel->insert([...], true)
 8 APPPATH\Controllers\EventController.php(40): CodeIgniter\Model->insert([...])
 9 SYSTEMPATH\CodeIgniter.php(933): App\Controllers\EventController->addEvent()
10 SYSTEMPATH\CodeIgniter.php(509): CodeIgniter\CodeIgniter->runController(Object(App\Controllers\EventController))
11 SYSTEMPATH\CodeIgniter.php(355): CodeIgniter\CodeIgniter->handleRequest(null, Object(Config\Cache), false)
12 SYSTEMPATH\Boot.php(334): CodeIgniter\CodeIgniter->run()
13 SYSTEMPATH\Boot.php(67): CodeIgniter\Boot::runCodeIgniter(Object(CodeIgniter\CodeIgniter))
14 FCPATH\index.php(56): CodeIgniter\Boot::bootWeb(Object(Config\Paths))
DEBUG - 2025-02-27 19:47:55 --> Received data for addEvent: {"TITLE":"gf","START_DATE":"2025-02-05","END_DATE":"2025-02-06"}
ERROR - 2025-02-27 19:47:55 --> mysqli_sql_exception: Unknown column 'created_at' in 'field list' in C:\wamp64\www\padel_elite\system\Database\MySQLi\Connection.php:312
Stack trace:
#0 C:\wamp64\www\padel_elite\system\Database\MySQLi\Connection.php(312): mysqli->query('INSERT INTO `ev...', 0)
#1 C:\wamp64\www\padel_elite\system\Database\BaseConnection.php(734): CodeIgniter\Database\MySQLi\Connection->execute('INSERT INTO `ev...')
#2 C:\wamp64\www\padel_elite\system\Database\BaseConnection.php(648): CodeIgniter\Database\BaseConnection->simpleQuery('INSERT INTO `ev...')
#3 C:\wamp64\www\padel_elite\system\Database\BaseBuilder.php(2340): CodeIgniter\Database\BaseConnection->query('INSERT INTO `ev...', Array, false)
#4 C:\wamp64\www\padel_elite\system\Model.php(394): CodeIgniter\Database\BaseBuilder->insert()
#5 C:\wamp64\www\padel_elite\system\BaseModel.php(839): CodeIgniter\Model->doInsert(Array)
#6 C:\wamp64\www\padel_elite\system\Model.php(800): CodeIgniter\BaseModel->insert(Array, true)
#7 C:\wamp64\www\padel_elite\app\Controllers\EventController.php(46): CodeIgniter\Model->insert(Array)
#8 C:\wamp64\www\padel_elite\system\CodeIgniter.php(933): App\Controllers\EventController->addEvent()
#9 C:\wamp64\www\padel_elite\system\CodeIgniter.php(509): CodeIgniter\CodeIgniter->runController(Object(App\Controllers\EventController))
#10 C:\wamp64\www\padel_elite\system\CodeIgniter.php(355): CodeIgniter\CodeIgniter->handleRequest(NULL, Object(Config\Cache), false)
#11 C:\wamp64\www\padel_elite\system\Boot.php(334): CodeIgniter\CodeIgniter->run()
#12 C:\wamp64\www\padel_elite\system\Boot.php(67): CodeIgniter\Boot::runCodeIgniter(Object(CodeIgniter\CodeIgniter))
#13 C:\wamp64\www\padel_elite\public\index.php(56): CodeIgniter\Boot::bootWeb(Object(Config\Paths))
#14 {main}
CRITICAL - 2025-02-27 19:47:55 --> CodeIgniter\Database\Exceptions\DatabaseException: Unknown column 'created_at' in 'field list'
[Method: POST, Route: add-event]
in SYSTEMPATH\Database\BaseConnection.php on line 688.
 1 SYSTEMPATH\Database\BaseBuilder.php(2340): CodeIgniter\Database\BaseConnection->query('INSERT INTO `event` (`TITLE`, `START_DATE`, `END_DATE`, `created_at`, `updated_at`) VALUES (:TITLE:, :START_DATE:, :END_DATE:, :created_at:, :updated_at:)', [...], false)
 2 SYSTEMPATH\Model.php(394): CodeIgniter\Database\BaseBuilder->insert()
 3 SYSTEMPATH\BaseModel.php(839): CodeIgniter\Model->doInsert([...])
 4 SYSTEMPATH\Model.php(800): CodeIgniter\BaseModel->insert([...], true)
 5 APPPATH\Controllers\EventController.php(46): CodeIgniter\Model->insert([...])
 6 SYSTEMPATH\CodeIgniter.php(933): App\Controllers\EventController->addEvent()
 7 SYSTEMPATH\CodeIgniter.php(509): CodeIgniter\CodeIgniter->runController(Object(App\Controllers\EventController))
 8 SYSTEMPATH\CodeIgniter.php(355): CodeIgniter\CodeIgniter->handleRequest(null, Object(Config\Cache), false)
 9 SYSTEMPATH\Boot.php(334): CodeIgniter\CodeIgniter->run()
10 SYSTEMPATH\Boot.php(67): CodeIgniter\Boot::runCodeIgniter(Object(CodeIgniter\CodeIgniter))
11 FCPATH\index.php(56): CodeIgniter\Boot::bootWeb(Object(Config\Paths))
CRITICAL - 2025-02-27 19:47:55 --> [Caused by] CodeIgniter\Database\Exceptions\DatabaseException: Unknown column 'created_at' in 'field list'
in SYSTEMPATH\Database\MySQLi\Connection.php on line 317.
 1 SYSTEMPATH\Database\BaseConnection.php(734): CodeIgniter\Database\MySQLi\Connection->execute('INSERT INTO `event` (`TITLE`, `START_DATE`, `END_DATE`, `created_at`, `updated_at`) VALUES (\'gf\', \'2025-02-05\', \'2025-02-06\', \'2025-02-27 19:47:55\', \'2025-02-27 19:47:55\')')
 2 SYSTEMPATH\Database\BaseConnection.php(648): CodeIgniter\Database\BaseConnection->simpleQuery('INSERT INTO `event` (`TITLE`, `START_DATE`, `END_DATE`, `created_at`, `updated_at`) VALUES (\'gf\', \'2025-02-05\', \'2025-02-06\', \'2025-02-27 19:47:55\', \'2025-02-27 19:47:55\')')
 3 SYSTEMPATH\Database\BaseBuilder.php(2340): CodeIgniter\Database\BaseConnection->query('INSERT INTO `event` (`TITLE`, `START_DATE`, `END_DATE`, `created_at`, `updated_at`) VALUES (:TITLE:, :START_DATE:, :END_DATE:, :created_at:, :updated_at:)', [...], false)
 4 SYSTEMPATH\Model.php(394): CodeIgniter\Database\BaseBuilder->insert()
 5 SYSTEMPATH\BaseModel.php(839): CodeIgniter\Model->doInsert([...])
 6 SYSTEMPATH\Model.php(800): CodeIgniter\BaseModel->insert([...], true)
 7 APPPATH\Controllers\EventController.php(46): CodeIgniter\Model->insert([...])
 8 SYSTEMPATH\CodeIgniter.php(933): App\Controllers\EventController->addEvent()
 9 SYSTEMPATH\CodeIgniter.php(509): CodeIgniter\CodeIgniter->runController(Object(App\Controllers\EventController))
10 SYSTEMPATH\CodeIgniter.php(355): CodeIgniter\CodeIgniter->handleRequest(null, Object(Config\Cache), false)
11 SYSTEMPATH\Boot.php(334): CodeIgniter\CodeIgniter->run()
12 SYSTEMPATH\Boot.php(67): CodeIgniter\Boot::runCodeIgniter(Object(CodeIgniter\CodeIgniter))
13 FCPATH\index.php(56): CodeIgniter\Boot::bootWeb(Object(Config\Paths))
CRITICAL - 2025-02-27 19:47:55 --> [Caused by] mysqli_sql_exception: Unknown column 'created_at' in 'field list'
in SYSTEMPATH\Database\MySQLi\Connection.php on line 312.
 1 SYSTEMPATH\Database\MySQLi\Connection.php(312): mysqli->query('INSERT INTO `event` (`TITLE`, `START_DATE`, `END_DATE`, `created_at`, `updated_at`) VALUES (\'gf\', \'2025-02-05\', \'2025-02-06\', \'2025-02-27 19:47:55\', \'2025-02-27 19:47:55\')', 0)
 2 SYSTEMPATH\Database\BaseConnection.php(734): CodeIgniter\Database\MySQLi\Connection->execute('INSERT INTO `event` (`TITLE`, `START_DATE`, `END_DATE`, `created_at`, `updated_at`) VALUES (\'gf\', \'2025-02-05\', \'2025-02-06\', \'2025-02-27 19:47:55\', \'2025-02-27 19:47:55\')')
 3 SYSTEMPATH\Database\BaseConnection.php(648): CodeIgniter\Database\BaseConnection->simpleQuery('INSERT INTO `event` (`TITLE`, `START_DATE`, `END_DATE`, `created_at`, `updated_at`) VALUES (\'gf\', \'2025-02-05\', \'2025-02-06\', \'2025-02-27 19:47:55\', \'2025-02-27 19:47:55\')')
 4 SYSTEMPATH\Database\BaseBuilder.php(2340): CodeIgniter\Database\BaseConnection->query('INSERT INTO `event` (`TITLE`, `START_DATE`, `END_DATE`, `created_at`, `updated_at`) VALUES (:TITLE:, :START_DATE:, :END_DATE:, :created_at:, :updated_at:)', [...], false)
 5 SYSTEMPATH\Model.php(394): CodeIgniter\Database\BaseBuilder->insert()
 6 SYSTEMPATH\BaseModel.php(839): CodeIgniter\Model->doInsert([...])
 7 SYSTEMPATH\Model.php(800): CodeIgniter\BaseModel->insert([...], true)
 8 APPPATH\Controllers\EventController.php(46): CodeIgniter\Model->insert([...])
 9 SYSTEMPATH\CodeIgniter.php(933): App\Controllers\EventController->addEvent()
10 SYSTEMPATH\CodeIgniter.php(509): CodeIgniter\CodeIgniter->runController(Object(App\Controllers\EventController))
11 SYSTEMPATH\CodeIgniter.php(355): CodeIgniter\CodeIgniter->handleRequest(null, Object(Config\Cache), false)
12 SYSTEMPATH\Boot.php(334): CodeIgniter\CodeIgniter->run()
13 SYSTEMPATH\Boot.php(67): CodeIgniter\Boot::runCodeIgniter(Object(CodeIgniter\CodeIgniter))
14 FCPATH\index.php(56): CodeIgniter\Boot::bootWeb(Object(Config\Paths))
