ERROR - 2025-02-19 10:43:59 --> mysqli_sql_exception: Unknown column 'updated_at' in 'field list' in C:\wamp64\www\padel_elite\system\Database\MySQLi\Connection.php:312
Stack trace:
#0 C:\wamp64\www\padel_elite\system\Database\MySQLi\Connection.php(312): mysqli->query('INSERT INTO `us...', 0)
#1 C:\wamp64\www\padel_elite\system\Database\BaseConnection.php(734): CodeIgniter\Database\MySQLi\Connection->execute('INSERT INTO `us...')
#2 C:\wamp64\www\padel_elite\system\Database\BaseConnection.php(648): CodeIgniter\Database\BaseConnection->simpleQuery('INSERT INTO `us...')
#3 C:\wamp64\www\padel_elite\system\Database\BaseBuilder.php(2340): CodeIgniter\Database\BaseConnection->query('INSERT INTO `us...', Array, false)
#4 C:\wamp64\www\padel_elite\system\Model.php(394): CodeIgniter\Database\BaseBuilder->insert()
#5 C:\wamp64\www\padel_elite\system\BaseModel.php(839): CodeIgniter\Model->doInsert(Array)
#6 C:\wamp64\www\padel_elite\system\Model.php(800): CodeIgniter\BaseModel->insert(Array, true)
#7 C:\wamp64\www\padel_elite\app\Controllers\SignUpController.php(25): CodeIgniter\Model->insert(Array)
#8 C:\wamp64\www\padel_elite\system\CodeIgniter.php(933): App\Controllers\SignUpController->store()
#9 C:\wamp64\www\padel_elite\system\CodeIgniter.php(509): CodeIgniter\CodeIgniter->runController(Object(App\Controllers\SignUpController))
#10 C:\wamp64\www\padel_elite\system\CodeIgniter.php(355): CodeIgniter\CodeIgniter->handleRequest(NULL, Object(Config\Cache), false)
#11 C:\wamp64\www\padel_elite\system\Boot.php(334): CodeIgniter\CodeIgniter->run()
#12 C:\wamp64\www\padel_elite\system\Boot.php(67): CodeIgniter\Boot::runCodeIgniter(Object(CodeIgniter\CodeIgniter))
#13 C:\wamp64\www\padel_elite\public\index.php(56): CodeIgniter\Boot::bootWeb(Object(Config\Paths))
#14 {main}
CRITICAL - 2025-02-19 10:43:59 --> CodeIgniter\Database\Exceptions\DatabaseException: Unknown column 'updated_at' in 'field list'
[Method: POST, Route: signUp/store]
in SYSTEMPATH\Database\BaseConnection.php on line 688.
 1 SYSTEMPATH\Database\BaseBuilder.php(2340): CodeIgniter\Database\BaseConnection->query('INSERT INTO `usuarios` (`nombre`, `telefono`, `email`, `contraseña`, `created_at`, `updated_at`) VALUES (:nombre:, :telefono:, :email:, :contraseña:, :created_at:, :updated_at:)', [...], false)
 2 SYSTEMPATH\Model.php(394): CodeIgniter\Database\BaseBuilder->insert()
 3 SYSTEMPATH\BaseModel.php(839): CodeIgniter\Model->doInsert([...])
 4 SYSTEMPATH\Model.php(800): CodeIgniter\BaseModel->insert([...], true)
 5 APPPATH\Controllers\SignUpController.php(25): CodeIgniter\Model->insert([...])
 6 SYSTEMPATH\CodeIgniter.php(933): App\Controllers\SignUpController->store()
 7 SYSTEMPATH\CodeIgniter.php(509): CodeIgniter\CodeIgniter->runController(Object(App\Controllers\SignUpController))
 8 SYSTEMPATH\CodeIgniter.php(355): CodeIgniter\CodeIgniter->handleRequest(null, Object(Config\Cache), false)
 9 SYSTEMPATH\Boot.php(334): CodeIgniter\CodeIgniter->run()
10 SYSTEMPATH\Boot.php(67): CodeIgniter\Boot::runCodeIgniter(Object(CodeIgniter\CodeIgniter))
11 FCPATH\index.php(56): CodeIgniter\Boot::bootWeb(Object(Config\Paths))
CRITICAL - 2025-02-19 10:43:59 --> [Caused by] CodeIgniter\Database\Exceptions\DatabaseException: Unknown column 'updated_at' in 'field list'
in SYSTEMPATH\Database\MySQLi\Connection.php on line 317.
 1 SYSTEMPATH\Database\BaseConnection.php(734): CodeIgniter\Database\MySQLi\Connection->execute('INSERT INTO `usuarios` (`nombre`, `telefono`, `email`, `contraseña`, `created_at`, `updated_at`) VALUES (\'fran\', \'12345679\', \'fran@gmail.com\', \'$2y$10$v7r2AG.5OOJ355970KH/Z.I8/BdQPhQQ/LnzlBXNsccBMtCQLJJce\', \'2025-02-19 10:43:59\', \'2025-02-19 10:43:59\')')
 2 SYSTEMPATH\Database\BaseConnection.php(648): CodeIgniter\Database\BaseConnection->simpleQuery('INSERT INTO `usuarios` (`nombre`, `telefono`, `email`, `contraseña`, `created_at`, `updated_at`) VALUES (\'fran\', \'12345679\', \'fran@gmail.com\', \'$2y$10$v7r2AG.5OOJ355970KH/Z.I8/BdQPhQQ/LnzlBXNsccBMtCQLJJce\', \'2025-02-19 10:43:59\', \'2025-02-19 10:43:59\')')
 3 SYSTEMPATH\Database\BaseBuilder.php(2340): CodeIgniter\Database\BaseConnection->query('INSERT INTO `usuarios` (`nombre`, `telefono`, `email`, `contraseña`, `created_at`, `updated_at`) VALUES (:nombre:, :telefono:, :email:, :contraseña:, :created_at:, :updated_at:)', [...], false)
 4 SYSTEMPATH\Model.php(394): CodeIgniter\Database\BaseBuilder->insert()
 5 SYSTEMPATH\BaseModel.php(839): CodeIgniter\Model->doInsert([...])
 6 SYSTEMPATH\Model.php(800): CodeIgniter\BaseModel->insert([...], true)
 7 APPPATH\Controllers\SignUpController.php(25): CodeIgniter\Model->insert([...])
 8 SYSTEMPATH\CodeIgniter.php(933): App\Controllers\SignUpController->store()
 9 SYSTEMPATH\CodeIgniter.php(509): CodeIgniter\CodeIgniter->runController(Object(App\Controllers\SignUpController))
10 SYSTEMPATH\CodeIgniter.php(355): CodeIgniter\CodeIgniter->handleRequest(null, Object(Config\Cache), false)
11 SYSTEMPATH\Boot.php(334): CodeIgniter\CodeIgniter->run()
12 SYSTEMPATH\Boot.php(67): CodeIgniter\Boot::runCodeIgniter(Object(CodeIgniter\CodeIgniter))
13 FCPATH\index.php(56): CodeIgniter\Boot::bootWeb(Object(Config\Paths))
CRITICAL - 2025-02-19 10:43:59 --> [Caused by] mysqli_sql_exception: Unknown column 'updated_at' in 'field list'
in SYSTEMPATH\Database\MySQLi\Connection.php on line 312.
 1 SYSTEMPATH\Database\MySQLi\Connection.php(312): mysqli->query('INSERT INTO `usuarios` (`nombre`, `telefono`, `email`, `contraseña`, `created_at`, `updated_at`) VALUES (\'fran\', \'12345679\', \'fran@gmail.com\', \'$2y$10$v7r2AG.5OOJ355970KH/Z.I8/BdQPhQQ/LnzlBXNsccBMtCQLJJce\', \'2025-02-19 10:43:59\', \'2025-02-19 10:43:59\')', 0)
 2 SYSTEMPATH\Database\BaseConnection.php(734): CodeIgniter\Database\MySQLi\Connection->execute('INSERT INTO `usuarios` (`nombre`, `telefono`, `email`, `contraseña`, `created_at`, `updated_at`) VALUES (\'fran\', \'12345679\', \'fran@gmail.com\', \'$2y$10$v7r2AG.5OOJ355970KH/Z.I8/BdQPhQQ/LnzlBXNsccBMtCQLJJce\', \'2025-02-19 10:43:59\', \'2025-02-19 10:43:59\')')
 3 SYSTEMPATH\Database\BaseConnection.php(648): CodeIgniter\Database\BaseConnection->simpleQuery('INSERT INTO `usuarios` (`nombre`, `telefono`, `email`, `contraseña`, `created_at`, `updated_at`) VALUES (\'fran\', \'12345679\', \'fran@gmail.com\', \'$2y$10$v7r2AG.5OOJ355970KH/Z.I8/BdQPhQQ/LnzlBXNsccBMtCQLJJce\', \'2025-02-19 10:43:59\', \'2025-02-19 10:43:59\')')
 4 SYSTEMPATH\Database\BaseBuilder.php(2340): CodeIgniter\Database\BaseConnection->query('INSERT INTO `usuarios` (`nombre`, `telefono`, `email`, `contraseña`, `created_at`, `updated_at`) VALUES (:nombre:, :telefono:, :email:, :contraseña:, :created_at:, :updated_at:)', [...], false)
 5 SYSTEMPATH\Model.php(394): CodeIgniter\Database\BaseBuilder->insert()
 6 SYSTEMPATH\BaseModel.php(839): CodeIgniter\Model->doInsert([...])
 7 SYSTEMPATH\Model.php(800): CodeIgniter\BaseModel->insert([...], true)
 8 APPPATH\Controllers\SignUpController.php(25): CodeIgniter\Model->insert([...])
 9 SYSTEMPATH\CodeIgniter.php(933): App\Controllers\SignUpController->store()
10 SYSTEMPATH\CodeIgniter.php(509): CodeIgniter\CodeIgniter->runController(Object(App\Controllers\SignUpController))
11 SYSTEMPATH\CodeIgniter.php(355): CodeIgniter\CodeIgniter->handleRequest(null, Object(Config\Cache), false)
12 SYSTEMPATH\Boot.php(334): CodeIgniter\CodeIgniter->run()
13 SYSTEMPATH\Boot.php(67): CodeIgniter\Boot::runCodeIgniter(Object(CodeIgniter\CodeIgniter))
14 FCPATH\index.php(56): CodeIgniter\Boot::bootWeb(Object(Config\Paths))
