CRITICAL - 2025-02-05 11:39:45 --> ErrorException: Undefined variable $rol
[Method: GET, Route: clasesUsuario]
in APPPATH\Views\pages\lists\clasesUsuario.php on line 549.
 1 APPPATH\Views\pages\lists\clasesUsuario.php(549): CodeIgniter\Debug\Exceptions->errorHandler(2, 'Undefined variable $rol', 'C:\\wamp64\\www\\padel_elite\\app\\Views\\pages\\lists\\clasesUsuario.php', 549)
 2 SYSTEMPATH\View\View.php(234): include('C:\\wamp64\\www\\padel_elite\\app\\Views\\pages\\lists\\clasesUsuario.php')
 3 SYSTEMPATH\View\View.php(237): CodeIgniter\View\View->CodeIgniter\View\{closure}()
 4 SYSTEMPATH\Common.php(1171): CodeIgniter\View\View->render('pages/lists/clasesUsuario', [], true)
 5 APPPATH\Controllers\clasesUsuarioController.php(9): view('pages/lists/clasesUsuario')
 6 SYSTEMPATH\CodeIgniter.php(933): App\Controllers\ClasesUsuarioController->index()
 7 SYSTEMPATH\CodeIgniter.php(509): CodeIgniter\CodeIgniter->runController(Object(App\Controllers\ClasesUsuarioController))
 8 SYSTEMPATH\CodeIgniter.php(355): CodeIgniter\CodeIgniter->handleRequest(null, Object(Config\Cache), false)
 9 SYSTEMPATH\Boot.php(334): CodeIgniter\CodeIgniter->run()
10 SYSTEMPATH\Boot.php(67): CodeIgniter\Boot::runCodeIgniter(Object(CodeIgniter\CodeIgniter))
11 FCPATH\index.php(56): CodeIgniter\Boot::bootWeb(Object(Config\Paths))
CRITICAL - 2025-02-05 11:40:42 --> ErrorException: Undefined variable $rol
[Method: GET, Route: clasesUsuario]
in APPPATH\Views\pages\lists\clasesUsuario.php on line 549.
 1 APPPATH\Views\pages\lists\clasesUsuario.php(549): CodeIgniter\Debug\Exceptions->errorHandler(2, 'Undefined variable $rol', 'C:\\wamp64\\www\\padel_elite\\app\\Views\\pages\\lists\\clasesUsuario.php', 549)
 2 SYSTEMPATH\View\View.php(234): include('C:\\wamp64\\www\\padel_elite\\app\\Views\\pages\\lists\\clasesUsuario.php')
 3 SYSTEMPATH\View\View.php(237): CodeIgniter\View\View->CodeIgniter\View\{closure}()
 4 SYSTEMPATH\Common.php(1171): CodeIgniter\View\View->render('pages/lists/clasesUsuario', [], true)
 5 APPPATH\Controllers\clasesUsuarioController.php(9): view('pages/lists/clasesUsuario')
 6 SYSTEMPATH\CodeIgniter.php(933): App\Controllers\ClasesUsuarioController->index()
 7 SYSTEMPATH\CodeIgniter.php(509): CodeIgniter\CodeIgniter->runController(Object(App\Controllers\ClasesUsuarioController))
 8 SYSTEMPATH\CodeIgniter.php(355): CodeIgniter\CodeIgniter->handleRequest(null, Object(Config\Cache), false)
 9 SYSTEMPATH\Boot.php(334): CodeIgniter\CodeIgniter->run()
10 SYSTEMPATH\Boot.php(67): CodeIgniter\Boot::runCodeIgniter(Object(CodeIgniter\CodeIgniter))
11 FCPATH\index.php(56): CodeIgniter\Boot::bootWeb(Object(Config\Paths))
CRITICAL - 2025-02-05 11:41:18 --> ErrorException: Undefined variable $roles
[Method: GET, Route: clasesUsuario]
in APPPATH\Views\pages\lists\clasesUsuario.php on line 541.
 1 APPPATH\Views\pages\lists\clasesUsuario.php(541): CodeIgniter\Debug\Exceptions->errorHandler(2, 'Undefined variable $roles', 'C:\\wamp64\\www\\padel_elite\\app\\Views\\pages\\lists\\clasesUsuario.php', 541)
 2 SYSTEMPATH\View\View.php(234): include('C:\\wamp64\\www\\padel_elite\\app\\Views\\pages\\lists\\clasesUsuario.php')
 3 SYSTEMPATH\View\View.php(237): CodeIgniter\View\View->CodeIgniter\View\{closure}()
 4 SYSTEMPATH\Common.php(1171): CodeIgniter\View\View->render('pages/lists/clasesUsuario', [], true)
 5 APPPATH\Controllers\clasesUsuarioController.php(9): view('pages/lists/clasesUsuario')
 6 SYSTEMPATH\CodeIgniter.php(933): App\Controllers\ClasesUsuarioController->index()
 7 SYSTEMPATH\CodeIgniter.php(509): CodeIgniter\CodeIgniter->runController(Object(App\Controllers\ClasesUsuarioController))
 8 SYSTEMPATH\CodeIgniter.php(355): CodeIgniter\CodeIgniter->handleRequest(null, Object(Config\Cache), false)
 9 SYSTEMPATH\Boot.php(334): CodeIgniter\CodeIgniter->run()
10 SYSTEMPATH\Boot.php(67): CodeIgniter\Boot::runCodeIgniter(Object(CodeIgniter\CodeIgniter))
11 FCPATH\index.php(56): CodeIgniter\Boot::bootWeb(Object(Config\Paths))
CRITICAL - 2025-02-05 11:41:56 --> ErrorException: Undefined variable $roles
[Method: GET, Route: clasesUsuario]
in APPPATH\Views\pages\lists\clasesUsuario.php on line 541.
 1 APPPATH\Views\pages\lists\clasesUsuario.php(541): CodeIgniter\Debug\Exceptions->errorHandler(2, 'Undefined variable $roles', 'C:\\wamp64\\www\\padel_elite\\app\\Views\\pages\\lists\\clasesUsuario.php', 541)
 2 SYSTEMPATH\View\View.php(234): include('C:\\wamp64\\www\\padel_elite\\app\\Views\\pages\\lists\\clasesUsuario.php')
 3 SYSTEMPATH\View\View.php(237): CodeIgniter\View\View->CodeIgniter\View\{closure}()
 4 SYSTEMPATH\Common.php(1171): CodeIgniter\View\View->render('pages/lists/clasesUsuario', [], true)
 5 APPPATH\Controllers\clasesUsuarioController.php(9): view('pages/lists/clasesUsuario')
 6 SYSTEMPATH\CodeIgniter.php(933): App\Controllers\ClasesUsuarioController->index()
 7 SYSTEMPATH\CodeIgniter.php(509): CodeIgniter\CodeIgniter->runController(Object(App\Controllers\ClasesUsuarioController))
 8 SYSTEMPATH\CodeIgniter.php(355): CodeIgniter\CodeIgniter->handleRequest(null, Object(Config\Cache), false)
 9 SYSTEMPATH\Boot.php(334): CodeIgniter\CodeIgniter->run()
10 SYSTEMPATH\Boot.php(67): CodeIgniter\Boot::runCodeIgniter(Object(CodeIgniter\CodeIgniter))
11 FCPATH\index.php(56): CodeIgniter\Boot::bootWeb(Object(Config\Paths))
CRITICAL - 2025-02-05 11:43:25 --> Error: Call to undefined function obtenerRoles()
[Method: GET, Route: clasesUsuario]
in APPPATH\Views\pages\lists\clasesUsuario.php on line 511.
 1 SYSTEMPATH\View\View.php(234): include()
 2 SYSTEMPATH\View\View.php(237): CodeIgniter\View\View->CodeIgniter\View\{closure}()
 3 SYSTEMPATH\Common.php(1171): CodeIgniter\View\View->render('pages/lists/clasesUsuario', [], true)
 4 APPPATH\Controllers\clasesUsuarioController.php(9): view('pages/lists/clasesUsuario')
 5 SYSTEMPATH\CodeIgniter.php(933): App\Controllers\ClasesUsuarioController->index()
 6 SYSTEMPATH\CodeIgniter.php(509): CodeIgniter\CodeIgniter->runController(Object(App\Controllers\ClasesUsuarioController))
 7 SYSTEMPATH\CodeIgniter.php(355): CodeIgniter\CodeIgniter->handleRequest(null, Object(Config\Cache), false)
 8 SYSTEMPATH\Boot.php(334): CodeIgniter\CodeIgniter->run()
 9 SYSTEMPATH\Boot.php(67): CodeIgniter\Boot::runCodeIgniter(Object(CodeIgniter\CodeIgniter))
10 FCPATH\index.php(56): CodeIgniter\Boot::bootWeb(Object(Config\Paths))
CRITICAL - 2025-02-05 11:43:27 --> Error: Call to undefined function obtenerRoles()
[Method: GET, Route: clasesUsuario]
in APPPATH\Views\pages\lists\clasesUsuario.php on line 511.
 1 SYSTEMPATH\View\View.php(234): include()
 2 SYSTEMPATH\View\View.php(237): CodeIgniter\View\View->CodeIgniter\View\{closure}()
 3 SYSTEMPATH\Common.php(1171): CodeIgniter\View\View->render('pages/lists/clasesUsuario', [], true)
 4 APPPATH\Controllers\clasesUsuarioController.php(9): view('pages/lists/clasesUsuario')
 5 SYSTEMPATH\CodeIgniter.php(933): App\Controllers\ClasesUsuarioController->index()
 6 SYSTEMPATH\CodeIgniter.php(509): CodeIgniter\CodeIgniter->runController(Object(App\Controllers\ClasesUsuarioController))
 7 SYSTEMPATH\CodeIgniter.php(355): CodeIgniter\CodeIgniter->handleRequest(null, Object(Config\Cache), false)
 8 SYSTEMPATH\Boot.php(334): CodeIgniter\CodeIgniter->run()
 9 SYSTEMPATH\Boot.php(67): CodeIgniter\Boot::runCodeIgniter(Object(CodeIgniter\CodeIgniter))
10 FCPATH\index.php(56): CodeIgniter\Boot::bootWeb(Object(Config\Paths))
CRITICAL - 2025-02-05 11:43:42 --> Error: Call to undefined function obtenerRoles()
[Method: GET, Route: clasesUsuario]
in APPPATH\Views\pages\lists\clasesUsuario.php on line 511.
 1 SYSTEMPATH\View\View.php(234): include()
 2 SYSTEMPATH\View\View.php(237): CodeIgniter\View\View->CodeIgniter\View\{closure}()
 3 SYSTEMPATH\Common.php(1171): CodeIgniter\View\View->render('pages/lists/clasesUsuario', [], true)
 4 APPPATH\Controllers\clasesUsuarioController.php(9): view('pages/lists/clasesUsuario')
 5 SYSTEMPATH\CodeIgniter.php(933): App\Controllers\ClasesUsuarioController->index()
 6 SYSTEMPATH\CodeIgniter.php(509): CodeIgniter\CodeIgniter->runController(Object(App\Controllers\ClasesUsuarioController))
 7 SYSTEMPATH\CodeIgniter.php(355): CodeIgniter\CodeIgniter->handleRequest(null, Object(Config\Cache), false)
 8 SYSTEMPATH\Boot.php(334): CodeIgniter\CodeIgniter->run()
 9 SYSTEMPATH\Boot.php(67): CodeIgniter\Boot::runCodeIgniter(Object(CodeIgniter\CodeIgniter))
10 FCPATH\index.php(56): CodeIgniter\Boot::bootWeb(Object(Config\Paths))
CRITICAL - 2025-02-05 11:50:08 --> mysqli_sql_exception: Unknown column 'monitor' in 'field list'
[Method: GET, Route: clasesUsuario]
in APPPATH\Views\pages\lists\clasesUsuario.php on line 521.
 1 APPPATH\Views\pages\lists\clasesUsuario.php(521): mysqli->query('SELECT id, monitor, fecha_hora FROM clasesusuario')
 2 APPPATH\Views\pages\lists\clasesUsuario.php(542): obtenerClasesUsuario()
 3 SYSTEMPATH\View\View.php(234): include('C:\\wamp64\\www\\padel_elite\\app\\Views\\pages\\lists\\clasesUsuario.php')
 4 SYSTEMPATH\View\View.php(237): CodeIgniter\View\View->CodeIgniter\View\{closure}()
 5 SYSTEMPATH\Common.php(1171): CodeIgniter\View\View->render('pages/lists/clasesUsuario', [], true)
 6 APPPATH\Controllers\clasesUsuarioController.php(9): view('pages/lists/clasesUsuario')
 7 SYSTEMPATH\CodeIgniter.php(933): App\Controllers\ClasesUsuarioController->index()
 8 SYSTEMPATH\CodeIgniter.php(509): CodeIgniter\CodeIgniter->runController(Object(App\Controllers\ClasesUsuarioController))
 9 SYSTEMPATH\CodeIgniter.php(355): CodeIgniter\CodeIgniter->handleRequest(null, Object(Config\Cache), false)
10 SYSTEMPATH\Boot.php(334): CodeIgniter\CodeIgniter->run()
11 SYSTEMPATH\Boot.php(67): CodeIgniter\Boot::runCodeIgniter(Object(CodeIgniter\CodeIgniter))
12 FCPATH\index.php(56): CodeIgniter\Boot::bootWeb(Object(Config\Paths))
CRITICAL - 2025-02-05 11:53:49 --> mysqli_sql_exception: Unknown column 'monitor' in 'field list'
[Method: GET, Route: clasesUsuario]
in APPPATH\Views\pages\lists\clasesUsuario.php on line 521.
 1 APPPATH\Views\pages\lists\clasesUsuario.php(521): mysqli->query('SELECT id, monitor, fecha_hora FROM clasesusuario')
 2 APPPATH\Views\pages\lists\clasesUsuario.php(542): obtenerClasesUsuario()
 3 SYSTEMPATH\View\View.php(234): include('C:\\wamp64\\www\\padel_elite\\app\\Views\\pages\\lists\\clasesUsuario.php')
 4 SYSTEMPATH\View\View.php(237): CodeIgniter\View\View->CodeIgniter\View\{closure}()
 5 SYSTEMPATH\Common.php(1171): CodeIgniter\View\View->render('pages/lists/clasesUsuario', [], true)
 6 APPPATH\Controllers\clasesUsuarioController.php(9): view('pages/lists/clasesUsuario')
 7 SYSTEMPATH\CodeIgniter.php(933): App\Controllers\ClasesUsuarioController->index()
 8 SYSTEMPATH\CodeIgniter.php(509): CodeIgniter\CodeIgniter->runController(Object(App\Controllers\ClasesUsuarioController))
 9 SYSTEMPATH\CodeIgniter.php(355): CodeIgniter\CodeIgniter->handleRequest(null, Object(Config\Cache), false)
10 SYSTEMPATH\Boot.php(334): CodeIgniter\CodeIgniter->run()
11 SYSTEMPATH\Boot.php(67): CodeIgniter\Boot::runCodeIgniter(Object(CodeIgniter\CodeIgniter))
12 FCPATH\index.php(56): CodeIgniter\Boot::bootWeb(Object(Config\Paths))
CRITICAL - 2025-02-05 11:54:12 --> mysqli_sql_exception: Unknown column 'monitor' in 'field list'
[Method: GET, Route: clasesUsuario]
in APPPATH\Views\pages\lists\clasesUsuario.php on line 521.
 1 APPPATH\Views\pages\lists\clasesUsuario.php(521): mysqli->query('SELECT id, monitor, fecha_hora FROM clasesusuario')
 2 APPPATH\Views\pages\lists\clasesUsuario.php(542): obtenerClasesUsuario()
 3 SYSTEMPATH\View\View.php(234): include('C:\\wamp64\\www\\padel_elite\\app\\Views\\pages\\lists\\clasesUsuario.php')
 4 SYSTEMPATH\View\View.php(237): CodeIgniter\View\View->CodeIgniter\View\{closure}()
 5 SYSTEMPATH\Common.php(1171): CodeIgniter\View\View->render('pages/lists/clasesUsuario', [], true)
 6 APPPATH\Controllers\clasesUsuarioController.php(9): view('pages/lists/clasesUsuario')
 7 SYSTEMPATH\CodeIgniter.php(933): App\Controllers\ClasesUsuarioController->index()
 8 SYSTEMPATH\CodeIgniter.php(509): CodeIgniter\CodeIgniter->runController(Object(App\Controllers\ClasesUsuarioController))
 9 SYSTEMPATH\CodeIgniter.php(355): CodeIgniter\CodeIgniter->handleRequest(null, Object(Config\Cache), false)
10 SYSTEMPATH\Boot.php(334): CodeIgniter\CodeIgniter->run()
11 SYSTEMPATH\Boot.php(67): CodeIgniter\Boot::runCodeIgniter(Object(CodeIgniter\CodeIgniter))
12 FCPATH\index.php(56): CodeIgniter\Boot::bootWeb(Object(Config\Paths))
CRITICAL - 2025-02-05 11:54:22 --> mysqli_sql_exception: Unknown column 'monitor' in 'field list'
[Method: GET, Route: clasesUsuario]
in APPPATH\Views\pages\lists\clasesUsuario.php on line 521.
 1 APPPATH\Views\pages\lists\clasesUsuario.php(521): mysqli->query('SELECT id, monitor, fecha_hora FROM clasesusuario')
 2 APPPATH\Views\pages\lists\clasesUsuario.php(542): obtenerClasesUsuario()
 3 SYSTEMPATH\View\View.php(234): include('C:\\wamp64\\www\\padel_elite\\app\\Views\\pages\\lists\\clasesUsuario.php')
 4 SYSTEMPATH\View\View.php(237): CodeIgniter\View\View->CodeIgniter\View\{closure}()
 5 SYSTEMPATH\Common.php(1171): CodeIgniter\View\View->render('pages/lists/clasesUsuario', [], true)
 6 APPPATH\Controllers\clasesUsuarioController.php(9): view('pages/lists/clasesUsuario')
 7 SYSTEMPATH\CodeIgniter.php(933): App\Controllers\ClasesUsuarioController->index()
 8 SYSTEMPATH\CodeIgniter.php(509): CodeIgniter\CodeIgniter->runController(Object(App\Controllers\ClasesUsuarioController))
 9 SYSTEMPATH\CodeIgniter.php(355): CodeIgniter\CodeIgniter->handleRequest(null, Object(Config\Cache), false)
10 SYSTEMPATH\Boot.php(334): CodeIgniter\CodeIgniter->run()
11 SYSTEMPATH\Boot.php(67): CodeIgniter\Boot::runCodeIgniter(Object(CodeIgniter\CodeIgniter))
12 FCPATH\index.php(56): CodeIgniter\Boot::bootWeb(Object(Config\Paths))
CRITICAL - 2025-02-05 11:54:35 --> mysqli_sql_exception: Unknown column 'monitor' in 'field list'
[Method: GET, Route: clasesUsuario]
in APPPATH\Views\pages\lists\clasesUsuario.php on line 521.
 1 APPPATH\Views\pages\lists\clasesUsuario.php(521): mysqli->query('SELECT id, monitor, fecha_hora FROM clasesusuario')
 2 APPPATH\Views\pages\lists\clasesUsuario.php(542): obtenerClasesUsuario()
 3 SYSTEMPATH\View\View.php(234): include('C:\\wamp64\\www\\padel_elite\\app\\Views\\pages\\lists\\clasesUsuario.php')
 4 SYSTEMPATH\View\View.php(237): CodeIgniter\View\View->CodeIgniter\View\{closure}()
 5 SYSTEMPATH\Common.php(1171): CodeIgniter\View\View->render('pages/lists/clasesUsuario', [], true)
 6 APPPATH\Controllers\clasesUsuarioController.php(9): view('pages/lists/clasesUsuario')
 7 SYSTEMPATH\CodeIgniter.php(933): App\Controllers\ClasesUsuarioController->index()
 8 SYSTEMPATH\CodeIgniter.php(509): CodeIgniter\CodeIgniter->runController(Object(App\Controllers\ClasesUsuarioController))
 9 SYSTEMPATH\CodeIgniter.php(355): CodeIgniter\CodeIgniter->handleRequest(null, Object(Config\Cache), false)
10 SYSTEMPATH\Boot.php(334): CodeIgniter\CodeIgniter->run()
11 SYSTEMPATH\Boot.php(67): CodeIgniter\Boot::runCodeIgniter(Object(CodeIgniter\CodeIgniter))
12 FCPATH\index.php(56): CodeIgniter\Boot::bootWeb(Object(Config\Paths))
CRITICAL - 2025-02-05 11:54:43 --> mysqli_sql_exception: Unknown column 'monitor' in 'field list'
[Method: GET, Route: clasesUsuario]
in APPPATH\Views\pages\lists\clasesUsuario.php on line 521.
 1 APPPATH\Views\pages\lists\clasesUsuario.php(521): mysqli->query('SELECT id, monitor, fecha_hora FROM clasesusuario')
 2 APPPATH\Views\pages\lists\clasesUsuario.php(542): obtenerClasesUsuario()
 3 SYSTEMPATH\View\View.php(234): include('C:\\wamp64\\www\\padel_elite\\app\\Views\\pages\\lists\\clasesUsuario.php')
 4 SYSTEMPATH\View\View.php(237): CodeIgniter\View\View->CodeIgniter\View\{closure}()
 5 SYSTEMPATH\Common.php(1171): CodeIgniter\View\View->render('pages/lists/clasesUsuario', [], true)
 6 APPPATH\Controllers\clasesUsuarioController.php(9): view('pages/lists/clasesUsuario')
 7 SYSTEMPATH\CodeIgniter.php(933): App\Controllers\ClasesUsuarioController->index()
 8 SYSTEMPATH\CodeIgniter.php(509): CodeIgniter\CodeIgniter->runController(Object(App\Controllers\ClasesUsuarioController))
 9 SYSTEMPATH\CodeIgniter.php(355): CodeIgniter\CodeIgniter->handleRequest(null, Object(Config\Cache), false)
10 SYSTEMPATH\Boot.php(334): CodeIgniter\CodeIgniter->run()
11 SYSTEMPATH\Boot.php(67): CodeIgniter\Boot::runCodeIgniter(Object(CodeIgniter\CodeIgniter))
12 FCPATH\index.php(56): CodeIgniter\Boot::bootWeb(Object(Config\Paths))
CRITICAL - 2025-02-05 11:55:28 --> mysqli_sql_exception: Unknown column 'monitor' in 'field list'
[Method: GET, Route: clasesUsuario]
in APPPATH\Views\pages\lists\clasesUsuario.php on line 521.
 1 APPPATH\Views\pages\lists\clasesUsuario.php(521): mysqli->query('SELECT id, monitor, fecha_hora FROM clasesusuario')
 2 APPPATH\Views\pages\lists\clasesUsuario.php(542): obtenerClasesUsuario()
 3 SYSTEMPATH\View\View.php(234): include('C:\\wamp64\\www\\padel_elite\\app\\Views\\pages\\lists\\clasesUsuario.php')
 4 SYSTEMPATH\View\View.php(237): CodeIgniter\View\View->CodeIgniter\View\{closure}()
 5 SYSTEMPATH\Common.php(1171): CodeIgniter\View\View->render('pages/lists/clasesUsuario', [], true)
 6 APPPATH\Controllers\clasesUsuarioController.php(9): view('pages/lists/clasesUsuario')
 7 SYSTEMPATH\CodeIgniter.php(933): App\Controllers\ClasesUsuarioController->index()
 8 SYSTEMPATH\CodeIgniter.php(509): CodeIgniter\CodeIgniter->runController(Object(App\Controllers\ClasesUsuarioController))
 9 SYSTEMPATH\CodeIgniter.php(355): CodeIgniter\CodeIgniter->handleRequest(null, Object(Config\Cache), false)
10 SYSTEMPATH\Boot.php(334): CodeIgniter\CodeIgniter->run()
11 SYSTEMPATH\Boot.php(67): CodeIgniter\Boot::runCodeIgniter(Object(CodeIgniter\CodeIgniter))
12 FCPATH\index.php(56): CodeIgniter\Boot::bootWeb(Object(Config\Paths))
